{
	"someText": "here is some text",
	"array": [
		"zero",
		"one",
		"two",
		"three"
	]
}